Archive member included because of file (symbol)

c:/program files (x86)/gnu tools arm embedded/4.8 2014q3/bin/../lib/gcc/arm-none-eabi/4.8.4/../../../../arm-none-eabi/lib/armv7e-m\libg.a(lib_a-sprintf.o)
                              ..\obj\main.o (sprintf)
c:/program files (x86)/gnu tools arm embedded/4.8 2014q3/bin/../lib/gcc/arm-none-eabi/4.8.4/../../../../arm-none-eabi/lib/armv7e-m\libg.a(lib_a-svfprintf.o)
                              c:/program files (x86)/gnu tools arm embedded/4.8 2014q3/bin/../lib/gcc/arm-none-eabi/4.8.4/../../../../arm-none-eabi/lib/armv7e-m\libg.a(lib_a-sprintf.o) (_svfprintf_r)
c:/program files (x86)/gnu tools arm embedded/4.8 2014q3/bin/../lib/gcc/arm-none-eabi/4.8.4/../../../../arm-none-eabi/lib/armv7e-m\libg.a(lib_a-dtoa.o)
                              c:/program files (x86)/gnu tools arm embedded/4.8 2014q3/bin/../lib/gcc/arm-none-eabi/4.8.4/../../../../arm-none-eabi/lib/armv7e-m\libg.a(lib_a-svfprintf.o) (_dtoa_r)
c:/program files (x86)/gnu tools arm embedded/4.8 2014q3/bin/../lib/gcc/arm-none-eabi/4.8.4/../../../../arm-none-eabi/lib/armv7e-m\libg.a(lib_a-impure.o)
                              c:/program files (x86)/gnu tools arm embedded/4.8 2014q3/bin/../lib/gcc/arm-none-eabi/4.8.4/../../../../arm-none-eabi/lib/armv7e-m\libg.a(lib_a-sprintf.o) (_impure_ptr)
c:/program files (x86)/gnu tools arm embedded/4.8 2014q3/bin/../lib/gcc/arm-none-eabi/4.8.4/../../../../arm-none-eabi/lib/armv7e-m\libg.a(lib_a-locale.o)
                              c:/program files (x86)/gnu tools arm embedded/4.8 2014q3/bin/../lib/gcc/arm-none-eabi/4.8.4/../../../../arm-none-eabi/lib/armv7e-m\libg.a(lib_a-svfprintf.o) (_localeconv_r)
c:/program files (x86)/gnu tools arm embedded/4.8 2014q3/bin/../lib/gcc/arm-none-eabi/4.8.4/../../../../arm-none-eabi/lib/armv7e-m\libg.a(lib_a-mallocr.o)
                              c:/program files (x86)/gnu tools arm embedded/4.8 2014q3/bin/../lib/gcc/arm-none-eabi/4.8.4/../../../../arm-none-eabi/lib/armv7e-m\libg.a(lib_a-svfprintf.o) (_malloc_r)
c:/program files (x86)/gnu tools arm embedded/4.8 2014q3/bin/../lib/gcc/arm-none-eabi/4.8.4/../../../../arm-none-eabi/lib/armv7e-m\libg.a(lib_a-memchr-stub.o)
                              c:/program files (x86)/gnu tools arm embedded/4.8 2014q3/bin/../lib/gcc/arm-none-eabi/4.8.4/../../../../arm-none-eabi/lib/armv7e-m\libg.a(lib_a-svfprintf.o) (memchr)
c:/program files (x86)/gnu tools arm embedded/4.8 2014q3/bin/../lib/gcc/arm-none-eabi/4.8.4/../../../../arm-none-eabi/lib/armv7e-m\libg.a(lib_a-memcpy.o)
                              c:/program files (x86)/gnu tools arm embedded/4.8 2014q3/bin/../lib/gcc/arm-none-eabi/4.8.4/../../../../arm-none-eabi/lib/armv7e-m\libg.a(lib_a-dtoa.o) (memcpy)
c:/program files (x86)/gnu tools arm embedded/4.8 2014q3/bin/../lib/gcc/arm-none-eabi/4.8.4/../../../../arm-none-eabi/lib/armv7e-m\libg.a(lib_a-mlock.o)
                              c:/program files (x86)/gnu tools arm embedded/4.8 2014q3/bin/../lib/gcc/arm-none-eabi/4.8.4/../../../../arm-none-eabi/lib/armv7e-m\libg.a(lib_a-mallocr.o) (__malloc_lock)
c:/program files (x86)/gnu tools arm embedded/4.8 2014q3/bin/../lib/gcc/arm-none-eabi/4.8.4/../../../../arm-none-eabi/lib/armv7e-m\libg.a(lib_a-mprec.o)
                              c:/program files (x86)/gnu tools arm embedded/4.8 2014q3/bin/../lib/gcc/arm-none-eabi/4.8.4/../../../../arm-none-eabi/lib/armv7e-m\libg.a(lib_a-dtoa.o) (_Balloc)
c:/program files (x86)/gnu tools arm embedded/4.8 2014q3/bin/../lib/gcc/arm-none-eabi/4.8.4/../../../../arm-none-eabi/lib/armv7e-m\libg.a(lib_a-s_fpclassify.o)
                              c:/program files (x86)/gnu tools arm embedded/4.8 2014q3/bin/../lib/gcc/arm-none-eabi/4.8.4/../../../../arm-none-eabi/lib/armv7e-m\libg.a(lib_a-svfprintf.o) (__fpclassifyd)
c:/program files (x86)/gnu tools arm embedded/4.8 2014q3/bin/../lib/gcc/arm-none-eabi/4.8.4/../../../../arm-none-eabi/lib/armv7e-m\libg.a(lib_a-sbrkr.o)
                              c:/program files (x86)/gnu tools arm embedded/4.8 2014q3/bin/../lib/gcc/arm-none-eabi/4.8.4/../../../../arm-none-eabi/lib/armv7e-m\libg.a(lib_a-mallocr.o) (_sbrk_r)
c:/program files (x86)/gnu tools arm embedded/4.8 2014q3/bin/../lib/gcc/arm-none-eabi/4.8.4/../../../../arm-none-eabi/lib/armv7e-m\libg.a(lib_a-strcmp.o)
                              c:/program files (x86)/gnu tools arm embedded/4.8 2014q3/bin/../lib/gcc/arm-none-eabi/4.8.4/../../../../arm-none-eabi/lib/armv7e-m\libg.a(lib_a-locale.o) (strcmp)
c:/program files (x86)/gnu tools arm embedded/4.8 2014q3/bin/../lib/gcc/arm-none-eabi/4.8.4/../../../../arm-none-eabi/lib/armv7e-m\libg.a(lib_a-strlen.o)
                              c:/program files (x86)/gnu tools arm embedded/4.8 2014q3/bin/../lib/gcc/arm-none-eabi/4.8.4/../../../../arm-none-eabi/lib/armv7e-m\libg.a(lib_a-svfprintf.o) (strlen)
c:/program files (x86)/gnu tools arm embedded/4.8 2014q3/bin/../lib/gcc/arm-none-eabi/4.8.4/../../../../arm-none-eabi/lib/armv7e-m\libg.a(lib_a-svfiprintf.o)
[...]
Memory Configuration

Name             Origin             Length             Attributes
rom              0x08000000         0x00020000         xr
ram              0x20000000         0x00008000         xrw
ram1             0x10000000         0x00002000         xrw
*default*        0x00000000         0xffffffff

Linker script and memory map

                0x20008000                _eram = 0x20008000

.text           0x08000000     0x84e4
 *(.isr_vector)
 .isr_vector    0x08000000      0x188 ..\obj\startup_stm32f30x.o
                0x08000000                g_pfnVectors
 *(.text*)
 .text.RCC_HSEConfig
                0x08000188       0x24 ..\obj\stm32f30x_rcc.o
                0x08000188                RCC_HSEConfig
 .text.RCC_WaitForHSEStartUp
                0x080001ac       0x50 ..\obj\stm32f30x_rcc.o
                0x080001ac                RCC_WaitForHSEStartUp
 .text.RCC_PLLCmd
                0x080001fc       0x20 ..\obj\stm32f30x_rcc.o
                0x080001fc                RCC_PLLCmd
 .text.RCC_SYSCLKConfig
                0x0800021c       0x38 ..\obj\stm32f30x_rcc.o
                0x0800021c                RCC_SYSCLKConfig
 .text.RCC_GetSYSCLKSource
                0x08000254       0x20 ..\obj\stm32f30x_rcc.o
                0x08000254                RCC_GetSYSCLKSource
 .text.RCC_GetClocksFreq
                0x08000274      0x414 ..\obj\stm32f30x_rcc.o
                0x08000274                RCC_GetClocksFreq
 .text.RCC_AHBPeriphClockCmd
                0x08000688       0x3c ..\obj\stm32f30x_rcc.o
                0x08000688                RCC_AHBPeriphClockCmd
 .text.RCC_APB2PeriphClockCmd
                0x080006c4       0x3c ..\obj\stm32f30x_rcc.o
                0x080006c4                RCC_APB2PeriphClockCmd
 .text.RCC_APB1PeriphClockCmd
                0x08000700       0x3c ..\obj\stm32f30x_rcc.o
                0x08000700                RCC_APB1PeriphClockCmd
 .text.RCC_APB2PeriphResetCmd
                0x0800073c       0x3c ..\obj\stm32f30x_rcc.o
                0x0800073c                RCC_APB2PeriphResetCmd
 .text.RCC_APB1PeriphResetCmd
                0x08000778       0x3c ..\obj\stm32f30x_rcc.o
                0x08000778                RCC_APB1PeriphResetCmd
 .text.RCC_GetFlagStatus
                0x080007b4       0x84 ..\obj\stm32f30x_rcc.o
                0x080007b4                RCC_GetFlagStatus
 .text.TIM_encoder_Configuration
                0x08000838      0x214 ..\obj\tim_encoder.o
                0x08000838                TIM_encoder_Configuration
 .text.Encoder_ClearCount
                0x08000a4c       0x9c ..\obj\tim_encoder.o
                0x08000a4c                Encoder_ClearCount
 .text.Encoder_Count
                0x08000ae8       0xf4 ..\obj\tim_encoder.o
                0x08000ae8                Encoder_Count
 .text.TIM1_UP_TIM16_IRQHandler
                0x08000bdc       0x50 ..\obj\tim_encoder.o
                0x08000bdc                TIM1_UP_TIM16_IRQHandler
 .text.TIM2_IRQHandler
                0x08000c2c       0x50 ..\obj\tim_encoder.o
                0x08000c2c                TIM2_IRQHandler
 .text.TIM3_IRQHandler
                0x08000c7c       0x50 ..\obj\tim_encoder.o
                0x08000c7c                TIM3_IRQHandler
 .text.TIM4_IRQHandler
                0x08000ccc       0x50 ..\obj\tim_encoder.o
                0x08000ccc                TIM4_IRQHandler
 .text.Leave_LowPowerMode
                0x08000d1c       0x78 ..\obj\hw_config.o
                0x08000d1c                Leave_LowPowerMode
 .text.NMI_Handler
                0x08000d94        0xc ..\obj\stm32f30x_it.o
                0x08000d94                NMI_Handler
 .text.HardFault_Handler
                0x08000da0        0x8 ..\obj\stm32f30x_it.o
                0x08000da0                HardFault_Handler
 .text.MemManage_Handler
                0x08000da8        0x8 ..\obj\stm32f30x_it.o
                0x08000da8                MemManage_Handler
 .text.BusFault_Handler
                0x08000db0        0x8 ..\obj\stm32f30x_it.o
                0x08000db0                BusFault_Handler
 .text.UsageFault_Handler
                0x08000db8        0x8 ..\obj\stm32f30x_it.o
                0x08000db8                UsageFault_Handler
 .text.SVC_Handler
                0x08000dc0        0xc ..\obj\stm32f30x_it.o
                0x08000dc0                SVC_Handler
 .text.DebugMon_Handler
                0x08000dcc        0xc ..\obj\stm32f30x_it.o
                0x08000dcc                DebugMon_Handler
 .text.PendSV_Handler
                0x08000dd8        0xc ..\obj\stm32f30x_it.o
                0x08000dd8                PendSV_Handler
 .text.SysTick_Handler
                0x08000de4       0x7c ..\obj\stm32f30x_it.o
                0x08000de4                SysTick_Handler
 .text.EXTI0_IRQHandler
                0x08000e60       0x98 ..\obj\stm32f30x_it.o
                0x08000e60                EXTI0_IRQHandler
 .text.USBWakeUp_IRQHandler
                0x08000ef8       0x14 ..\obj\stm32f30x_it.o
                0x08000ef8                USBWakeUp_IRQHandler
 .text.GPIO_Init
                0x08000f0c      0x128 ..\obj\stm32f30x_gpio.o
                0x08000f0c                GPIO_Init
 .text.GPIO_ReadOutputDataBit
                0x08001034       0x38 ..\obj\stm32f30x_gpio.o
                0x08001034                GPIO_ReadOutputDataBit
 .text.GPIO_WriteBit
                0x0800106c       0x30 ..\obj\stm32f30x_gpio.o
                0x0800106c                GPIO_WriteBit
 .text.GPIO_PinAFConfig
                0x0800109c       0x8c ..\obj\stm32f30x_gpio.o
                0x0800109c                GPIO_PinAFConfig
 .text.Resume_Init
                0x08001128       0x30 ..\obj\usb_pwr.o
                0x08001128                Resume_Init
 .text.Resume   0x08001158      0x118 ..\obj\usb_pwr.o
                0x08001158                Resume
 .text.NVIC_SetPriority
                0x08001270       0x54 ..\obj\main.o
 .text.SysTick_Config
                0x080012c4       0x44 ..\obj\main.o
 .text.main     0x08001308       0xa0 ..\obj\main.o
                0x08001308                main
 .text.init     0x080013a8       0x38 ..\obj\main.o
                0x080013a8                init
 .text.LED_configuration
                0x080013e0       0x60 ..\obj\main.o
                0x080013e0                LED_configuration
 .text.LEDOn    0x08001440       0x4c ..\obj\main.o
                0x08001440                LEDOn
 .text.LEDOff   0x0800148c       0x4c ..\obj\main.o
                0x0800148c                LEDOff
 .text.COM_Transmit
                0x080014d8       0x14 ..\obj\main.o
                0x080014d8                COM_Transmit
 .text.TimingDelay_Decrement
                0x080014ec       0x24 ..\obj\main.o
                0x080014ec                TimingDelay_Decrement
 .text.DMA_DeInit
                0x08001510      0x178 ..\obj\stm32f30x_dma.o
                0x08001510                DMA_DeInit
 .text.DMA_Init
                0x08001688       0x80 ..\obj\stm32f30x_dma.o
                0x08001688                DMA_Init
 .text.DMA_Cmd  0x08001708       0x38 ..\obj\stm32f30x_dma.o
                0x08001708                DMA_Cmd
 .text.DMA_ITConfig
                0x08001740       0x3c ..\obj\stm32f30x_dma.o
                0x08001740                DMA_ITConfig
 .text.DMA_GetFlagStatus
                0x0800177c       0x54 ..\obj\stm32f30x_dma.o
                0x0800177c                DMA_GetFlagStatus
 .text.DMA_ClearFlag
                0x080017d0       0x34 ..\obj\stm32f30x_dma.o
                0x080017d0                DMA_ClearFlag
 .text.CAN_Configuration
                0x08001804      0x404 ..\obj\can.o
                0x08001804                CAN_Configuration
 .text.USB_LP_CAN1_RX0_IRQHandler
                0x08001c08       0x2c ..\obj\can.o
                0x08001c08                USB_LP_CAN1_RX0_IRQHandler
 .text.Encoder_int_to_char
                0x08001c34      0x18c ..\obj\can.o
                0x08001c34                Encoder_int_to_char
 .text.Encoder_into_CANflame
                0x08001dc0       0x20 ..\obj\can.o
                0x08001dc0                Encoder_into_CANflame
 .text.CAN_Receive_Check
                0x08001de0      0x304 ..\obj\can.o
                0x08001de0                CAN_Receive_Check
 .text.Can_Auto_Trans
                0x080020e4       0xfc ..\obj\can.o
                0x080020e4                Can_Auto_Trans
 .text.EXTI_GetITStatus
                0x080021e0       0x70 ..\obj\stm32f30x_exti.o
                0x080021e0                EXTI_GetITStatus
 .text.EXTI_ClearITPendingBit
                0x08002250       0x30 ..\obj\stm32f30x_exti.o
                0x08002250                EXTI_ClearITPendingBit
 .text.SystemInit1
                0x08002280       0x80 ..\obj\system_stm32f30x_temp.o
                0x08002280                SystemInit
                0x08002280                SystemInit1
 .text.SetSysClock1
                0x08002300       0xe0 ..\obj\system_stm32f30x_temp.o
                0x08002300                SetSysClock
 .text._sbrk    0x080023e0       0x40 ..\obj\syscalls.o
                0x080023e0                _sbrk
 .text.NVIC_PriorityGroupConfig
                0x08002420       0x24 ..\obj\stm32f30x_misc.o
                0x08002420                NVIC_PriorityGroupConfig
 .text.NVIC_Init
                0x08002444       0xc0 ..\obj\stm32f30x_misc.o
                0x08002444                NVIC_Init
 .text.TIM_DeInit
                0x08002504      0x148 ..\obj\stm32f30x_tim.o
                0x08002504                TIM_DeInit
 .text.TIM_TimeBaseInit
                0x0800264c       0xec ..\obj\stm32f30x_tim.o
                0x0800264c                TIM_TimeBaseInit
 .text.TIM_PrescalerConfig
                0x08002738       0x28 ..\obj\stm32f30x_tim.o
                0x08002738                TIM_PrescalerConfig
 .text.TIM_GetCounter
                0x08002760       0x18 ..\obj\stm32f30x_tim.o
                0x08002760                TIM_GetCounter
 .text.TIM_Cmd  0x08002778       0x40 ..\obj\stm32f30x_tim.o
                0x08002778                TIM_Cmd
 .text.TIM_ITConfig
                0x080027b8       0x40 ..\obj\stm32f30x_tim.o
                0x080027b8                TIM_ITConfig
 .text.TIM_GetITStatus
                0x080027f8       0x54 ..\obj\stm32f30x_tim.o
                0x080027f8                TIM_GetITStatus
 .text.TIM_ClearITPendingBit
                0x0800284c       0x24 ..\obj\stm32f30x_tim.o
                0x0800284c                TIM_ClearITPendingBit
 .text.TIM_EncoderInterfaceConfig
                0x08002870       0x8c ..\obj\stm32f30x_tim.o
                0x08002870                TIM_EncoderInterfaceConfig
 .text.Reset_Handler
                0x080028fc       0x4c ..\obj\startup_stm32f30x.o
                0x080028fc                Reset_Handler
 .text.Default_Handler
                0x08002948        0x4 ..\obj\startup_stm32f30x.o
                0x08002948                RTC_Alarm_IRQHandler
                0x08002948                TIM8_TRG_COM_IRQHandler
                0x08002948                TIM8_CC_IRQHandler
                0x08002948                TIM1_CC_IRQHandler
                0x08002948                USB_HP_IRQHandler
                0x08002948                PVD_IRQHandler
                0x08002948                EXTI3_IRQHandler
                0x08002948                I2C2_EV_IRQHandler
                0x08002948                FPU_IRQHandler
                0x08002948                EXTI2_TS_IRQHandler
                0x08002948                ADC1_2_IRQHandler
                0x08002948                SPI1_IRQHandler
                0x08002948                TIM6_DAC_IRQHandler
                0x08002948                TIM8_UP_IRQHandler
                0x08002948                DMA2_Channel2_IRQHandler
                0x08002948                DMA1_Channel4_IRQHandler
                0x08002948                USART3_IRQHandler
                0x08002948                CAN1_RX1_IRQHandler
                0x08002948                UART5_IRQHandler
                0x08002948                ADC3_IRQHandler
                0x08002948                DMA2_Channel1_IRQHandler
                0x08002948                I2C1_EV_IRQHandler
                0x08002948                DMA1_Channel6_IRQHandler
                0x08002948                UART4_IRQHandler
                0x08002948                DMA2_Channel4_IRQHandler
                0x08002948                RCC_IRQHandler
                0x08002948                DMA1_Channel1_IRQHandler
                0x08002948                Default_Handler
                0x08002948                USBWakeUp_RMP_IRQHandler
                0x08002948                EXTI15_10_IRQHandler
                0x08002948                TIM7_IRQHandler
                0x08002948                EXTI9_5_IRQHandler
                0x08002948                TAMPER_STAMP_IRQHandler
                0x08002948                RTC_WKUP_IRQHandler
                0x08002948                SPI2_IRQHandler
                0x08002948                DMA2_Channel5_IRQHandler
                0x08002948                DMA1_Channel5_IRQHandler
                0x08002948                USB_LP_IRQHandler
                0x08002948                EXTI4_IRQHandler
                0x08002948                TIM1_TRG_COM_TIM17_IRQHandler
                0x08002948                USB_HP_CAN1_TX_IRQHandler
                0x08002948                DMA1_Channel3_IRQHandler
                0x08002948                ADC4_IRQHandler
                0x08002948                WWDG_IRQHandler
                0x08002948                COMP7_IRQHandler
                0x08002948                COMP1_2_3_IRQHandler
                0x08002948                EXTI1_IRQHandler
                0x08002948                USART2_IRQHandler
                0x08002948                COMP4_5_6_IRQHandler
                0x08002948                I2C2_ER_IRQHandler
                0x08002948                DMA1_Channel2_IRQHandler
                0x08002948                TIM8_BRK_IRQHandler
                0x08002948                CAN1_SCE_IRQHandler
                0x08002948                FLASH_IRQHandler
                0x08002948                SPI3_IRQHandler
                0x08002948                I2C1_ER_IRQHandler
                0x08002948                DMA2_Channel3_IRQHandler
                0x08002948                TIM1_BRK_TIM15_IRQHandler
 .text.NVIC_Configuration
                0x0800294c       0xcc ..\obj\nvic.o
                0x0800294c                NVIC_Configuration
 .text.CAN_DeInit
                0x08002a18       0x24 ..\obj\stm32f30x_can.o
                0x08002a18                CAN_DeInit
 .text.CAN_Init
                0x08002a3c      0x1a4 ..\obj\stm32f30x_can.o
                0x08002a3c                CAN_Init
 .text.CAN_FilterInit
                0x08002be0      0x164 ..\obj\stm32f30x_can.o
                0x08002be0                CAN_FilterInit
 .text.CAN_StructInit
                0x08002d44       0x54 ..\obj\stm32f30x_can.o
                0x08002d44                CAN_StructInit
 .text.CAN_Transmit
                0x08002d98      0x190 ..\obj\stm32f30x_can.o
                0x08002d98                CAN_Transmit
 .text.CAN_Receive
                0x08002f28      0x170 ..\obj\stm32f30x_can.o
                0x08002f28                CAN_Receive
 .text.CAN_ITConfig
                0x08003098       0x3c ..\obj\stm32f30x_can.o
                0x08003098                CAN_ITConfig
 .text.CAN_GetITStatus
                0x080030d4      0x194 ..\obj\stm32f30x_can.o
                0x080030d4                CAN_GetITStatus
 .text.CheckITStatus
                0x08003268       0x30 ..\obj\stm32f30x_can.o
 .text.USART_DeInit
                0x08003298       0xb8 ..\obj\stm32f30x_usart.o
                0x08003298                USART_DeInit
 .text.USART_Init
                0x08003350      0x174 ..\obj\stm32f30x_usart.o
                0x08003350                USART_Init
 .text.USART_Cmd
                0x080034c4       0x38 ..\obj\stm32f30x_usart.o
                0x080034c4                USART_Cmd
 .text.USART_SendData
                0x080034fc       0x24 ..\obj\stm32f30x_usart.o
                0x080034fc                USART_SendData
 .text.USART_ReceiveData
                0x08003520       0x20 ..\obj\stm32f30x_usart.o
                0x08003520                USART_ReceiveData
 .text.USART_DMACmd
                0x08003540       0x3c ..\obj\stm32f30x_usart.o
                0x08003540                USART_DMACmd
 .text.USART_ITConfig
                0x0800357c       0x84 ..\obj\stm32f30x_usart.o
                0x0800357c                USART_ITConfig
 .text.USART_GetITStatus
                0x08003600       0xa0 ..\obj\stm32f30x_usart.o
                0x08003600                USART_GetITStatus
 .text.USART2_ConfigurationDMA
                0x080036a0      0x11c ..\obj\usart.o
                0x080036a0                USART2_ConfigurationDMA
 .text.transmit_usart2_dma
                0x080037bc       0x88 ..\obj\usart.o
                0x080037bc                transmit_usart2_dma
 .text.DMA1_Channel7_IRQHandler
                0x08003844       0x28 ..\obj\usart.o
                0x08003844                DMA1_Channel7_IRQHandler
 .text.transmit_usart1_c
                0x0800386c       0x48 ..\obj\usart.o
                0x0800386c                transmit_usart1_c
 .text.USART1_IRQHandler
                0x080038b4       0x8c ..\obj\usart.o
                0x080038b4                USART1_IRQHandler
 .text.sprintf  0x08003940       0x4c c:/program files (x86)/gnu tools arm embedded/4.8 2014q3/bin/../lib/gcc/arm-none-eabi/4.8.4/../../../../arm-none-eabi/lib/armv7e-m\libg.a(lib_a-sprintf.o)
                0x08003940                sprintf
 .text._svfprintf_r
                0x0800398c     0x14f8 c:/program files (x86)/gnu tools arm embedded/4.8 2014q3/bin/../lib/gcc/arm-none-eabi/4.8.4/../../../../arm-none-eabi/lib/armv7e-m\libg.a(lib_a-svfprintf.o)
                0x0800398c                _svfprintf_r
 .text.quorem   0x08004e84      0x130 c:/program files (x86)/gnu tools arm embedded/4.8 2014q3/bin/../lib/gcc/arm-none-eabi/4.8.4/../../../../arm-none-eabi/lib/armv7e-m\libg.a(lib_a-dtoa.o)
 *fill*         0x08004fb4        0x4 
 .text._dtoa_r  0x08004fb8      0xe38 c:/program files (x86)/gnu tools arm embedded/4.8 2014q3/bin/../lib/gcc/arm-none-eabi/4.8.4/../../../../arm-none-eabi/lib/armv7e-m\libg.a(lib_a-dtoa.o)
                0x08004fb8                _dtoa_r
 .text._localeconv_r
                0x08005df0        0x8 c:/program files (x86)/gnu tools arm embedded/4.8 2014q3/bin/../lib/gcc/arm-none-eabi/4.8.4/../../../../arm-none-eabi/lib/armv7e-m\libg.a(lib_a-locale.o)
                0x08005df0                _localeconv_r
 .text._malloc_r
                0x08005df8      0x538 c:/program files (x86)/gnu tools arm embedded/4.8 2014q3/bin/../lib/gcc/arm-none-eabi/4.8.4/../../../../arm-none-eabi/lib/armv7e-m\libg.a(lib_a-mallocr.o)
                0x08005df8                _malloc_r
 .text.memchr   0x08006330       0x90 c:/program files (x86)/gnu tools arm embedded/4.8 2014q3/bin/../lib/gcc/arm-none-eabi/4.8.4/../../../../arm-none-eabi/lib/armv7e-m\libg.a(lib_a-memchr-stub.o)
                0x08006330                memchr
 .text          0x080063c0      0x134 c:/program files (x86)/gnu tools arm embedded/4.8 2014q3/bin/../lib/gcc/arm-none-eabi/4.8.4/../../../../arm-none-eabi/lib/armv7e-m\libg.a(lib_a-memcpy.o)
                0x080063c0                memcpy
 .text.__malloc_lock
                0x080064f4        0x4 c:/program files (x86)/gnu tools arm embedded/4.8 2014q3/bin/../lib/gcc/arm-none-eabi/4.8.4/../../../../arm-none-eabi/lib/armv7e-m\libg.a(lib_a-mlock.o)
                0x080064f4                __malloc_lock
 .text.__malloc_unlock
                0x080064f8        0x4 c:/program files (x86)/gnu tools arm embedded/4.8 2014q3/bin/../lib/gcc/arm-none-eabi/4.8.4/../../../../arm-none-eabi/lib/armv7e-m\libg.a(lib_a-mlock.o)
                0x080064f8                __malloc_unlock
 .text._Balloc  0x080064fc       0x4c c:/program files (x86)/gnu tools arm embedded/4.8 2014q3/bin/../lib/gcc/arm-none-eabi/4.8.4/../../../../arm-none-eabi/lib/armv7e-m\libg.a(lib_a-mprec.o)
                0x080064fc                _Balloc
 .text._Bfree   0x08006548       0x14 c:/program files (x86)/gnu tools arm embedded/4.8 2014q3/bin/../lib/gcc/arm-none-eabi/4.8.4/../../../../arm-none-eabi/lib/armv7e-m\libg.a(lib_a-mprec.o)
                0x08006548                _Bfree
 .text.__multadd
                0x0800655c       0x98 c:/program files (x86)/gnu tools arm embedded/4.8 2014q3/bin/../lib/gcc/arm-none-eabi/4.8.4/../../../../arm-none-eabi/lib/armv7e-m\libg.a(lib_a-mprec.o)
                0x0800655c                __multadd
 .text.__hi0bits
                0x080065f4       0x40 c:/program files (x86)/gnu tools arm embedded/4.8 2014q3/bin/../lib/gcc/arm-none-eabi/4.8.4/../../../../arm-none-eabi/lib/armv7e-m\libg.a(lib_a-mprec.o)
                0x080065f4                __hi0bits
 .text.__lo0bits
                0x08006634       0x5c c:/program files (x86)/gnu tools arm embedded/4.8 2014q3/bin/../lib/gcc/arm-none-eabi/4.8.4/../../../../arm-none-eabi/lib/armv7e-m\libg.a(lib_a-mprec.o)
                0x08006634                __lo0bits
 .text.__i2b    0x08006690       0x14 c:/program files (x86)/gnu tools arm embedded/4.8 2014q3/bin/../lib/gcc/arm-none-eabi/4.8.4/../../../../arm-none-eabi/lib/armv7e-m\libg.a(lib_a-mprec.o)
                0x08006690                __i2b
 .text.__multiply
                0x080066a4      0x13c c:/program files (x86)/gnu tools arm embedded/4.8 2014q3/bin/../lib/gcc/arm-none-eabi/4.8.4/../../../../arm-none-eabi/lib/armv7e-m\libg.a(lib_a-mprec.o)
                0x080066a4                __multiply
 .text.__pow5mult
                0x080067e0       0x9c c:/program files (x86)/gnu tools arm embedded/4.8 2014q3/bin/../lib/gcc/arm-none-eabi/4.8.4/../../../../arm-none-eabi/lib/armv7e-m\libg.a(lib_a-mprec.o)
                0x080067e0                __pow5mult
 .text.__lshift
                0x0800687c       0xbc c:/program files (x86)/gnu tools arm embedded/4.8 2014q3/bin/../lib/gcc/arm-none-eabi/4.8.4/../../../../arm-none-eabi/lib/armv7e-m\libg.a(lib_a-mprec.o)
                0x0800687c                __lshift
 .text.__mcmp   0x08006938       0x48 c:/program files (x86)/gnu tools arm embedded/4.8 2014q3/bin/../lib/gcc/arm-none-eabi/4.8.4/../../../../arm-none-eabi/lib/armv7e-m\libg.a(lib_a-mprec.o)
                0x08006938                __mcmp
 .text.__mdiff  0x08006980       0xd4 c:/program files (x86)/gnu tools arm embedded/4.8 2014q3/bin/../lib/gcc/arm-none-eabi/4.8.4/../../../../arm-none-eabi/lib/armv7e-m\libg.a(lib_a-mprec.o)
                0x08006980                __mdiff
 .text.__d2b    0x08006a54       0xbc c:/program files (x86)/gnu tools arm embedded/4.8 2014q3/bin/../lib/gcc/arm-none-eabi/4.8.4/../../../../arm-none-eabi/lib/armv7e-m\libg.a(lib_a-mprec.o)
                0x08006a54                __d2b
 .text.__fpclassifyd
                0x08006b10       0x50 c:/program files (x86)/gnu tools arm embedded/4.8 2014q3/bin/../lib/gcc/arm-none-eabi/4.8.4/../../../../arm-none-eabi/lib/armv7e-m\libg.a(lib_a-s_fpclassify.o)
                0x08006b10                __fpclassifyd
 .text._sbrk_r  0x08006b60       0x24 c:/program files (x86)/gnu tools arm embedded/4.8 2014q3/bin/../lib/gcc/arm-none-eabi/4.8.4/../../../../arm-none-eabi/lib/armv7e-m\libg.a(lib_a-sbrkr.o)
                0x08006b60                _sbrk_r
 .text.strlen   0x08006b84       0x60 c:/program files (x86)/gnu tools arm embedded/4.8 2014q3/bin/../lib/gcc/arm-none-eabi/4.8.4/../../../../arm-none-eabi/lib/armv7e-m\libg.a(lib_a-strlen.o)
                0x08006b84                strlen
 .text.__ssprint_r
                0x08006be4      0x100 c:/program files (x86)/gnu tools arm embedded/4.8 2014q3/bin/../lib/gcc/arm-none-eabi/4.8.4/../../../../arm-none-eabi/lib/armv7e-m\libg.a(lib_a-svfiprintf.o)
                0x08006be4                __ssprint_r
 .text._calloc_r
                0x08006ce4       0x60 c:/program files (x86)/gnu tools arm embedded/4.8 2014q3/bin/../lib/gcc/arm-none-eabi/4.8.4/../../../../arm-none-eabi/lib/armv7e-m\libg.a(lib_a-callocr.o)
                0x08006ce4                _calloc_r
 .text._malloc_trim_r
                0x08006d44       0x9c c:/program files (x86)/gnu tools arm embedded/4.8 2014q3/bin/../lib/gcc/arm-none-eabi/4.8.4/../../../../arm-none-eabi/lib/armv7e-m\libg.a(lib_a-freer.o)
                0x08006d44                _malloc_trim_r
 .text._free_r  0x08006de0      0x19c c:/program files (x86)/gnu tools arm embedded/4.8 2014q3/bin/../lib/gcc/arm-none-eabi/4.8.4/../../../../arm-none-eabi/lib/armv7e-m\libg.a(lib_a-freer.o)
                0x08006de0                _free_r
 .text.memmove  0x08006f7c       0xc0 c:/program files (x86)/gnu tools arm embedded/4.8 2014q3/bin/../lib/gcc/arm-none-eabi/4.8.4/../../../../arm-none-eabi/lib/armv7e-m\libg.a(lib_a-memmove.o)
                0x08006f7c                memmove
 .text.memset   0x0800703c       0x94 c:/program files (x86)/gnu tools arm embedded/4.8 2014q3/bin/../lib/gcc/arm-none-eabi/4.8.4/../../../../arm-none-eabi/lib/armv7e-m\libg.a(lib_a-memset.o)
                0x0800703c                memset
 .text._realloc_r
                0x080070d0      0x3cc c:/program files (x86)/gnu tools arm embedded/4.8 2014q3/bin/../lib/gcc/arm-none-eabi/4.8.4/../../../../arm-none-eabi/lib/armv7e-m\libg.a(lib_a-reallocr.o)
                0x080070d0                _realloc_r
 .text          0x0800749c      0x370 c:/program files (x86)/gnu tools arm embedded/4.8 2014q3/bin/../lib/gcc/arm-none-eabi/4.8.4/armv7e-m\libgcc.a(_arm_addsubdf3.o)
                0x0800749c                __aeabi_drsub
                0x080074a4                __aeabi_dsub
                0x080074a4                __subdf3
                0x080074a8                __aeabi_dadd
                0x080074a8                __adddf3
                0x08007720                __floatunsidf
                0x08007720                __aeabi_ui2d
                0x08007740                __floatsidf
                0x08007740                __aeabi_i2d
                0x08007764                __aeabi_f2d
                0x08007764                __extendsfdf2
                0x080077a0                __floatundidf
                0x080077a0                __aeabi_ul2d
                0x080077b0                __floatdidf
                0x080077b0                __aeabi_l2d
 .text          0x0800780c      0x424 c:/program files (x86)/gnu tools arm embedded/4.8 2014q3/bin/../lib/gcc/arm-none-eabi/4.8.4/armv7e-m\libgcc.a(_arm_muldivdf3.o)
                0x0800780c                __aeabi_dmul
                0x0800780c                __muldf3
                0x08007a60                __divdf3
                0x08007a60                __aeabi_ddiv
 .text          0x08007c30      0x110 c:/program files (x86)/gnu tools arm embedded/4.8 2014q3/bin/../lib/gcc/arm-none-eabi/4.8.4/armv7e-m\libgcc.a(_arm_cmpdf2.o)
                0x08007c30                __gtdf2
                0x08007c30                __gedf2
                0x08007c38                __ltdf2
                0x08007c38                __ledf2
                0x08007c40                __nedf2
                0x08007c40                __eqdf2
                0x08007c40                __cmpdf2
                0x08007cbc                __aeabi_cdrcmple
                0x08007ccc                __aeabi_cdcmpeq
                0x08007ccc                __aeabi_cdcmple
                0x08007cdc                __aeabi_dcmpeq
                0x08007cf0                __aeabi_dcmplt
                0x08007d04                __aeabi_dcmple
                0x08007d18                __aeabi_dcmpge
                0x08007d2c                __aeabi_dcmpgt
 .text          0x08007d40       0x50 c:/program files (x86)/gnu tools arm embedded/4.8 2014q3/bin/../lib/gcc/arm-none-eabi/4.8.4/armv7e-m\libgcc.a(_arm_fixdfsi.o)
                0x08007d40                __aeabi_d2iz
                0x08007d40                __fixdfsi
 .text          0x08007d90       0x2c c:/program files (x86)/gnu tools arm embedded/4.8 2014q3/bin/../lib/gcc/arm-none-eabi/4.8.4/armv7e-m\libgcc.a(_aeabi_uldivmod.o)
                0x08007d90                __aeabi_uldivmod
 .text          0x08007dbc       0x60 c:/program files (x86)/gnu tools arm embedded/4.8 2014q3/bin/../lib/gcc/arm-none-eabi/4.8.4/armv7e-m\libgcc.a(bpabi.o)
                0x08007dbc                __gnu_ldivmod_helper
                0x08007dec                __gnu_uldivmod_helper
 .text          0x08007e1c        0x4 c:/program files (x86)/gnu tools arm embedded/4.8 2014q3/bin/../lib/gcc/arm-none-eabi/4.8.4/armv7e-m\libgcc.a(_dvmd_tls.o)
                0x08007e1c                __aeabi_idiv0
                0x08007e1c                __aeabi_ldiv0
 .text          0x08007e20      0x298 c:/program files (x86)/gnu tools arm embedded/4.8 2014q3/bin/../lib/gcc/arm-none-eabi/4.8.4/armv7e-m\libgcc.a(_divdi3.o)
                0x08007e20                __divdi3
 .text          0x080080b8      0x284 c:/program files (x86)/gnu tools arm embedded/4.8 2014q3/bin/../lib/gcc/arm-none-eabi/4.8.4/armv7e-m\libgcc.a(_udivdi3.o)
                0x080080b8                __udivdi3
 *(.init)
 *(.fini)
 *crtbegin.o(.ctors)
 *crtbegin?.o(.ctors)
 *(EXCLUDE_FILE(*crtend.o *crtend?.o) .ctors)
 *(SORT(.ctors.*))
 *(.ctors)
 *crtbegin.o(.dtors)
 *crtbegin?.o(.dtors)
 *(EXCLUDE_FILE(*crtend.o *crtend?.o) .dtors)
 *(SORT(.dtors.*))
 *(.dtors)
 *(.rodata*)
 .rodata        0x0800833c       0x24 ..\obj\main.o
 .rodata.zeroes.6763
                0x08008360       0x10 c:/program files (x86)/gnu tools arm embedded/4.8 2014q3/bin/../lib/gcc/arm-none-eabi/4.8.4/../../../../arm-none-eabi/lib/armv7e-m\libg.a(lib_a-svfprintf.o)
 .rodata.str1.4
                0x08008370       0x42 c:/program files (x86)/gnu tools arm embedded/4.8 2014q3/bin/../lib/gcc/arm-none-eabi/4.8.4/../../../../arm-none-eabi/lib/armv7e-m\libg.a(lib_a-svfprintf.o)
                                 0x44 (size before relaxing)
 *fill*         0x080083b2        0x2 
 .rodata.blanks.6762
                0x080083b4       0x10 c:/program files (x86)/gnu tools arm embedded/4.8 2014q3/bin/../lib/gcc/arm-none-eabi/4.8.4/../../../../arm-none-eabi/lib/armv7e-m\libg.a(lib_a-svfprintf.o)
 .rodata.str1.4
                0x080083c4       0x10 c:/program files (x86)/gnu tools arm embedded/4.8 2014q3/bin/../lib/gcc/arm-none-eabi/4.8.4/../../../../arm-none-eabi/lib/armv7e-m\libg.a(lib_a-dtoa.o)
                                 0x14 (size before relaxing)
 .rodata.str1.4
                0x080083d4        0x2 c:/program files (x86)/gnu tools arm embedded/4.8 2014q3/bin/../lib/gcc/arm-none-eabi/4.8.4/../../../../arm-none-eabi/lib/armv7e-m\libg.a(lib_a-impure.o)
                                  0x4 (size before relaxing)
 *fill*         0x080083d6        0x2 
 .rodata.str1.4
                0x080083d8        0xc c:/program files (x86)/gnu tools arm embedded/4.8 2014q3/bin/../lib/gcc/arm-none-eabi/4.8.4/../../../../arm-none-eabi/lib/armv7e-m\libg.a(lib_a-locale.o)
                                 0x14 (size before relaxing)
 *fill*         0x080083e4        0x4 
 .rodata.__mprec_tens
                0x080083e8       0xc8 c:/program files (x86)/gnu tools arm embedded/4.8 2014q3/bin/../lib/gcc/arm-none-eabi/4.8.4/../../../../arm-none-eabi/lib/armv7e-m\libg.a(lib_a-mprec.o)
                0x080083e8                __mprec_tens
 .rodata.__mprec_bigtens
                0x080084b0       0x28 c:/program files (x86)/gnu tools arm embedded/4.8 2014q3/bin/../lib/gcc/arm-none-eabi/4.8.4/../../../../arm-none-eabi/lib/armv7e-m\libg.a(lib_a-mprec.o)
                0x080084b0                __mprec_bigtens
 .rodata.p05.5269
                0x080084d8        0xc c:/program files (x86)/gnu tools arm embedded/4.8 2014q3/bin/../lib/gcc/arm-none-eabi/4.8.4/../../../../arm-none-eabi/lib/armv7e-m\libg.a(lib_a-mprec.o)
 *(.eh_fram e*)

.glue_7         0x080084e4        0x0
 .glue_7        0x00000000        0x0 linker stubs

.glue_7t        0x080084e4        0x0
 .glue_7t       0x00000000        0x0 linker stubs

.vfp11_veneer   0x080084e4        0x0
 .vfp11_veneer  0x00000000        0x0 linker stubs

.v4_bx          0x080084e4        0x0
 .v4_bx         0x00000000        0x0 linker stubs

.iplt           0x080084e4        0x0
 .iplt          0x00000000        0x0 ..\obj\stm32f30x_iwdg.o

.ARM.extab
 *(.ARM.extab* .gnu.linkonce.armextab.*)
                0x080084e4                __exidx_start = .

.ARM.exidx      0x080084e4        0x8
 *(.ARM.exidx* .gnu.linkonce.armexidx.*)
 .ARM.exidx     0x080084e4        0x8 c:/program files (x86)/gnu tools arm embedded/4.8 2014q3/bin/../lib/gcc/arm-none-eabi/4.8.4/armv7e-m\libgcc.a(_divdi3.o)
 .ARM.exidx     0x080084ec        0x0 c:/program files (x86)/gnu tools arm embedded/4.8 2014q3/bin/../lib/gcc/arm-none-eabi/4.8.4/armv7e-m\libgcc.a(_udivdi3.o)
                                  0x8 (size before relaxing)
                0x080084ec                __exidx_end = .
                0x080084ec                __etext = .
                0x080084ec                _sidata = __etext

.rel.dyn        0x080084ec        0x0
 .rel.iplt      0x00000000        0x0 ..\obj\stm32f30x_iwdg.o

.data           0x20000000      0xcf4 load address 0x080084ec
                0x20000000                __data_start__ = .
                0x20000000                _sdata = __data_start__
 *(vtable)
 *(.data*)
 .data          0x20000000       0x2c ..\obj\stm32f30x_rcc.o
 .data          0x2000002c        0x8 ..\obj\main.o
                0x2000002c                USBConnectTimeOut
                0x20000030                PrevXferComplete
 .data          0x20000034      0x428 ..\obj\can.o
                0x20000034                CAN_fm
 .data          0x2000045c       0x14 ..\obj\system_stm32f30x_temp.o
                0x2000045c                SystemCoreClock
                0x20000460                AHBPrescTable
 .data          0x20000470       0x10 ..\obj\usart.o
                0x20000470                USART1_TxPtrEnd
                0x20000474                USART1_RxPtrEnd
                0x20000478                USART2_TxPtrEndDMA
                0x2000047c                USART2_RxPtrEndDMA
 .data.impure_data
                0x20000480      0x428 c:/program files (x86)/gnu tools arm embedded/4.8 2014q3/bin/../lib/gcc/arm-none-eabi/4.8.4/../../../../arm-none-eabi/lib/armv7e-m\libg.a(lib_a-impure.o)
 .data._impure_ptr
                0x200008a8        0x4 c:/program files (x86)/gnu tools arm embedded/4.8 2014q3/bin/../lib/gcc/arm-none-eabi/4.8.4/../../../../arm-none-eabi/lib/armv7e-m\libg.a(lib_a-impure.o)
                0x200008a8                _impure_ptr
 .data.lconv    0x200008ac       0x38 c:/program files (x86)/gnu tools arm embedded/4.8 2014q3/bin/../lib/gcc/arm-none-eabi/4.8.4/../../../../arm-none-eabi/lib/armv7e-m\libg.a(lib_a-locale.o)
 .data.__malloc_av_
                0x200008e4      0x408 c:/program files (x86)/gnu tools arm embedded/4.8 2014q3/bin/../lib/gcc/arm-none-eabi/4.8.4/../../../../arm-none-eabi/lib/armv7e-m\libg.a(lib_a-mallocr.o)
                0x200008e4                __malloc_av_
 .data.__malloc_trim_threshold
                0x20000cec        0x4 c:/program files (x86)/gnu tools arm embedded/4.8 2014q3/bin/../lib/gcc/arm-none-eabi/4.8.4/../../../../arm-none-eabi/lib/armv7e-m\libg.a(lib_a-mallocr.o)
                0x20000cec                __malloc_trim_threshold
 .data.__malloc_sbrk_base
                0x20000cf0        0x4 c:/program files (x86)/gnu tools arm embedded/4.8 2014q3/bin/../lib/gcc/arm-none-eabi/4.8.4/../../../../arm-none-eabi/lib/armv7e-m\libg.a(lib_a-mallocr.o)
                0x20000cf0                __malloc_sbrk_base
                0x20000cf4                . = ALIGN (0x4)
                0x20000cf4                PROVIDE (__preinit_array_start, .)
 *(.preinit_array)
                0x20000cf4                PROVIDE (__preinit_array_end, .)
                0x20000cf4                . = ALIGN (0x4)
                0x20000cf4                PROVIDE (__init_array_start, .)
 *(SORT(.init_array.*))
 *(.init_array)
                0x20000cf4                PROVIDE (__init_array_end, .)
                0x20000cf4                . = ALIGN (0x4)
                0x20000cf4                PROVIDE (__fini_array_start, .)
 *(SORT(.fini_array.*))
 *(.fini_array)
                0x20000cf4                PROVIDE (__fini_array_end, .)
 *(.jcr*)
                0x20000cf4                . = ALIGN (0x4)
                0x20000cf4                __data_end__ = .
                0x20000cf4                _edata = __data_end__

.igot.plt       0x20000cf4        0x0 load address 0x080091e0
 .igot.plt      0x00000000        0x0 ..\obj\stm32f30x_iwdg.o

.bss            0x20000cf4      0x4e8 load address 0x080091e0
                0x20000cf4                . = ALIGN (0x4)
                0x20000cf4                __bss_start__ = .
                0x20000cf4                _sbss = __bss_start__
 *(.bss*)
 .bss           0x20000cf4       0x20 ..\obj\tim_encoder.o
                0x20000cf4                TIM1_over_flow
                0x20000cf8                TIM1_under_flow
                0x20000cfc                TIM2_over_flow
                0x20000d00                TIM2_under_flow
                0x20000d04                TIM3_over_flow
                0x20000d08                TIM3_under_flow
                0x20000d0c                TIM4_over_flow
                0x20000d10                TIM4_under_flow
 .bss           0x20000d14        0x4 ..\obj\stm32f30x_it.o
                0x20000d14                i
 .bss           0x20000d18        0x8 ..\obj\usb_pwr.o
                0x20000d18                bDeviceState
                0x20000d1c                remotewakeupon
 .bss           0x20000d20       0x14 ..\obj\main.o
                0x20000d20                TimingDelay
                0x20000d24                DataReady
                0x20000d28                UserButtonPressed
                0x20000d2c                ticker
                0x20000d30                downticker
 .bss           0x20000d34       0x18 ..\obj\can.o
                0x20000d34                interval_time
                0x20000d3c                can_enc_mode
 .bss           0x20000d4c        0x4 ..\obj\syscalls.o
 .bss           0x20000d50       0x10 ..\obj\usart.o
                0x20000d50                USART1_TxPtrNow
                0x20000d54                USART1_RxPtrNow
                0x20000d58                USART2_TxPtrNowDMA
                0x20000d5c                USART2_RxPtrNowDMA
 .bss.__malloc_max_total_mem
                0x20000d60        0x4 c:/program files (x86)/gnu tools arm embedded/4.8 2014q3/bin/../lib/gcc/arm-none-eabi/4.8.4/../../../../arm-none-eabi/lib/armv7e-m\libg.a(lib_a-mallocr.o)
                0x20000d60                __malloc_max_total_mem
 .bss.__malloc_max_sbrked_mem
                0x20000d64        0x4 c:/program files (x86)/gnu tools arm embedded/4.8 2014q3/bin/../lib/gcc/arm-none-eabi/4.8.4/../../../../arm-none-eabi/lib/armv7e-m\libg.a(lib_a-mallocr.o)
                0x20000d64                __malloc_max_sbrked_mem
 .bss.__malloc_top_pad
                0x20000d68        0x4 c:/program files (x86)/gnu tools arm embedded/4.8 2014q3/bin/../lib/gcc/arm-none-eabi/4.8.4/../../../../arm-none-eabi/lib/armv7e-m\libg.a(lib_a-mallocr.o)
                0x20000d68                __malloc_top_pad
 .bss.__malloc_current_mallinfo
                0x20000d6c       0x28 c:/program files (x86)/gnu tools arm embedded/4.8 2014q3/bin/../lib/gcc/arm-none-eabi/4.8.4/../../../../arm-none-eabi/lib/armv7e-m\libg.a(lib_a-mallocr.o)
                0x20000d6c                __malloc_current_mallinfo
 *(COMMON)
 COMMON         0x20000d94       0x58 ..\obj\hw_config.o
                0x20000d94                packet_sent
                0x20000d98                HSEStartUpStatus
                0x20000d9c                Receive_Buffer
                0x20000ddc                packet_receive
                0x20000de0                EXTI_InitStructure
                0x20000de8                Send_length
 COMMON         0x20000dec       0x24 ..\obj\usb_pwr.o
                0x20000dec                ResumeS
                0x20000df0                EP
 COMMON         0x20000e10       0x32 ..\obj\usb_init.o
                0x20000e10                SaveState
                0x20000e14                pProperty
                0x20000e18                EPindex
                0x20000e1c                Device_Info
                0x20000e38                pUser_Standard_Requests
                0x20000e3c                pInformation
                0x20000e40                wInterrupt_Mask
 *fill*         0x20000e42        0x2 
 COMMON         0x20000e44       0x74 ..\obj\can.o
                0x20000e44                can_rx_flame
                0x20000e58                can_tx_flame
                0x20000ea8                tx_interval
 COMMON         0x20000eb8      0x320 ..\obj\usart.o
                0x20000eb8                USART2_TxBufferDMA
                0x20000f80                USART1_RxBuffer
                0x20001048                USART2_RxBufferDMA
                0x20001110                USART1_TxBuffer
 COMMON         0x200011d8        0x4 c:/program files (x86)/gnu tools arm embedded/4.8 2014q3/bin/../lib/gcc/arm-none-eabi/4.8.4/../../../../arm-none-eabi/lib/armv7e-m\libg.a(lib_a-reent.o)
                0x200011d8                errno
                0x200011dc                . = ALIGN (0x4)
                0x200011dc                __bss_end__ = .
                0x200011dc                _ebss = __bss_end__

.heap           0x200011dc        0x0
                0x200011dc                __end__ = .
                0x200011dc                _end = __end__
                0x200011dc                end = __end__
 *(.heap*)
                0x200011dc                __HeapLimit = .

.co_stack       0x200011dc        0x4 load address 0x080096c8
                0x200011e0                . = ALIGN (0x8)
 *fill*         0x200011dc        0x4 
 *(.co_stack .co_stack.*)
                0x20008000                __StackTop = (ORIGIN (ram) + 0x8000)
                0x20007ffc                __StackLimit = (__StackTop - SIZEOF (.co_stack))
                0x20008000                PROVIDE (__stack, __StackTop)
                0x00000001                ASSERT ((__StackLimit >= __HeapLimit), region ram  overflowed with stack)
LOAD ..\obj\stm32f30x_iwdg.o
LOAD ..\obj\stm32f30x_opamp.o
LOAD ..\obj\usb_core.o
LOAD ..\obj\stm32f30x_crc.o
LOAD ..\obj\stm32f30x_rcc.o
LOAD ..\obj\stm32f30x_flash.o
LOAD ..\obj\stm32f30x_adc.o
LOAD ..\obj\usb_int.o
LOAD ..\obj\stm32303c_eval.o
LOAD ..\obj\usb_desc.o
LOAD ..\obj\usb_regs.o
LOAD ..\obj\tim_encoder.o
LOAD ..\obj\hw_config.o
LOAD ..\obj\usb_prop.o
LOAD ..\obj\stm32f30x_it.o
LOAD ..\obj\stm32f30x_gpio.o
LOAD ..\obj\stm32f30x_comp.o
LOAD ..\obj\usb_pwr.o
LOAD ..\obj\usb_init.o
LOAD ..\obj\main.o
LOAD ..\obj\stm32f30x_dma.o
LOAD ..\obj\can.o
LOAD ..\obj\stm32f30x_exti.o
LOAD ..\obj\stm32f30x_spi.o
LOAD ..\obj\stm32f30x_i2c.o
LOAD ..\obj\usb_sil.o
LOAD ..\obj\system_stm32f30x_temp.o
LOAD ..\obj\stm32f30x_rtc.o
LOAD ..\obj\syscalls.o
LOAD ..\obj\stm32f30x_misc.o
LOAD ..\obj\stm32f30x_tim.o
LOAD ..\obj\stm32f30x_dbgmcu.o
LOAD ..\obj\usb_endp.o
LOAD ..\obj\startup_stm32f30x.o
LOAD ..\obj\stm32f30x_syscfg.o
LOAD ..\obj\nvic.o
LOAD ..\obj\stm32f30x_pwr.o
LOAD ..\obj\stm32f30x_wwdg.o
LOAD ..\obj\stm32f30x_can.o
LOAD ..\obj\usb_mem.o
LOAD ..\obj\stm32f30x_dac.o
LOAD ..\obj\usb_istr.o
LOAD ..\obj\stm32f30x_usart.o
LOAD ..\obj\usart.o
START GROUP
LOAD c:/program files (x86)/gnu tools arm embedded/4.8 2014q3/bin/../lib/gcc/arm-none-eabi/4.8.4/armv7e-m\libgcc.a
LOAD c:/program files (x86)/gnu tools arm embedded/4.8 2014q3/bin/../lib/gcc/arm-none-eabi/4.8.4/../../../../arm-none-eabi/lib/armv7e-m\libg.a
LOAD c:/program files (x86)/gnu tools arm embedded/4.8 2014q3/bin/../lib/gcc/arm-none-eabi/4.8.4/../../../../arm-none-eabi/lib/armv7e-m\libc.a
END GROUP
OUTPUT(STM32F303CB_CAN_Node_Encoder_VerA.elf elf32-littlearm)

.debug_info     0x00000000     0xa16d
 .debug_info    0x00000000      0xaac ..\obj\stm32f30x_rcc.o
 .debug_info    0x00000aac      0x6a3 ..\obj\tim_encoder.o
 .debug_info    0x0000114f      0x9eb ..\obj\hw_config.o
 .debug_info    0x00001b3a      0x354 ..\obj\stm32f30x_it.o
 .debug_info    0x00001e8e      0x5fa ..\obj\stm32f30x_gpio.o
 .debug_info    0x00002488      0x518 ..\obj\usb_pwr.o
 .debug_info    0x000029a0      0x450 ..\obj\usb_init.o
 .debug_info    0x00002df0      0xb99 ..\obj\main.o
 .debug_info    0x00003989      0x473 ..\obj\stm32f30x_dma.o
 .debug_info    0x00003dfc      0xafa ..\obj\can.o
 .debug_info    0x000048f6      0x3b4 ..\obj\stm32f30x_exti.o
 .debug_info    0x00004caa      0x498 ..\obj\system_stm32f30x_temp.o
 .debug_info    0x00005142      0x3ee ..\obj\syscalls.o
 .debug_info    0x00005530      0x53d ..\obj\stm32f30x_misc.o
 .debug_info    0x00005a6d     0x2184 ..\obj\stm32f30x_tim.o
 .debug_info    0x00007bf1       0xef ..\obj\startup_stm32f30x.o
 .debug_info    0x00007ce0      0x327 ..\obj\nvic.o
 .debug_info    0x00008007      0xb9c ..\obj\stm32f30x_can.o
 .debug_info    0x00008ba3      0xebc ..\obj\stm32f30x_usart.o
 .debug_info    0x00009a5f      0x70e ..\obj\usart.o

.debug_abbrev   0x00000000     0x1ddb
 .debug_abbrev  0x00000000      0x1e3 ..\obj\stm32f30x_rcc.o
 .debug_abbrev  0x000001e3      0x1c6 ..\obj\tim_encoder.o
 .debug_abbrev  0x000003a9      0x28b ..\obj\hw_config.o
 .debug_abbrev  0x00000634      0x149 ..\obj\stm32f30x_it.o
 .debug_abbrev  0x0000077d      0x194 ..\obj\stm32f30x_gpio.o
 .debug_abbrev  0x00000911      0x1fd ..\obj\usb_pwr.o
 .debug_abbrev  0x00000b0e      0x11e ..\obj\usb_init.o
 .debug_abbrev  0x00000c2c      0x264 ..\obj\main.o
 .debug_abbrev  0x00000e90      0x155 ..\obj\stm32f30x_dma.o
 .debug_abbrev  0x00000fe5      0x1f5 ..\obj\can.o
 .debug_abbrev  0x000011da      0x17a ..\obj\stm32f30x_exti.o
 .debug_abbrev  0x00001354      0x145 ..\obj\system_stm32f30x_temp.o
 .debug_abbrev  0x00001499       0xe2 ..\obj\syscalls.o
 .debug_abbrev  0x0000157b      0x145 ..\obj\stm32f30x_misc.o
 .debug_abbrev  0x000016c0      0x187 ..\obj\stm32f30x_tim.o
 .debug_abbrev  0x00001847       0x12 ..\obj\startup_stm32f30x.o
 .debug_abbrev  0x00001859       0xc6 ..\obj\nvic.o
 .debug_abbrev  0x0000191f      0x1f3 ..\obj\stm32f30x_can.o
 .debug_abbrev  0x00001b12      0x155 ..\obj\stm32f30x_usart.o
 .debug_abbrev  0x00001c67      0x174 ..\obj\usart.o

.debug_aranges  0x00000000      0xca0
 .debug_aranges
                0x00000000      0x150 ..\obj\stm32f30x_rcc.o
 .debug_aranges
                0x00000150       0x60 ..\obj\tim_encoder.o
 .debug_aranges
                0x000001b0       0x80 ..\obj\hw_config.o
 .debug_aranges
                0x00000230       0x70 ..\obj\stm32f30x_it.o
 .debug_aranges
                0x000002a0       0x80 ..\obj\stm32f30x_gpio.o
 .debug_aranges
                0x00000320       0x40 ..\obj\usb_pwr.o
 .debug_aranges
                0x00000360       0x20 ..\obj\usb_init.o
 .debug_aranges
                0x00000380       0x78 ..\obj\main.o
 .debug_aranges
                0x000003f8       0x70 ..\obj\stm32f30x_dma.o
 .debug_aranges
                0x00000468       0x50 ..\obj\can.o
 .debug_aranges
                0x000004b8       0x58 ..\obj\stm32f30x_exti.o
 .debug_aranges
                0x00000510       0x30 ..\obj\system_stm32f30x_temp.o
 .debug_aranges
                0x00000540       0x60 ..\obj\syscalls.o
 .debug_aranges
                0x000005a0       0x40 ..\obj\stm32f30x_misc.o
 .debug_aranges
                0x000005e0      0x3a8 ..\obj\stm32f30x_tim.o
 .debug_aranges
                0x00000988       0x28 ..\obj\startup_stm32f30x.o
 .debug_aranges
                0x000009b0       0x20 ..\obj\nvic.o
 .debug_aranges
                0x000009d0       0xe0 ..\obj\stm32f30x_can.o
 .debug_aranges
                0x00000ab0      0x1a0 ..\obj\stm32f30x_usart.o
 .debug_aranges
                0x00000c50       0x50 ..\obj\usart.o

.debug_ranges   0x00000000      0xb68
 .debug_ranges  0x00000000      0x140 ..\obj\stm32f30x_rcc.o
 .debug_ranges  0x00000140       0x50 ..\obj\tim_encoder.o
 .debug_ranges  0x00000190       0x70 ..\obj\hw_config.o
 .debug_ranges  0x00000200       0x60 ..\obj\stm32f30x_it.o
 .debug_ranges  0x00000260       0x70 ..\obj\stm32f30x_gpio.o
 .debug_ranges  0x000002d0       0x30 ..\obj\usb_pwr.o
 .debug_ranges  0x00000300       0x10 ..\obj\usb_init.o
 .debug_ranges  0x00000310       0x68 ..\obj\main.o
 .debug_ranges  0x00000378       0x60 ..\obj\stm32f30x_dma.o
 .debug_ranges  0x000003d8       0x40 ..\obj\can.o
 .debug_ranges  0x00000418       0x48 ..\obj\stm32f30x_exti.o
 .debug_ranges  0x00000460       0x20 ..\obj\system_stm32f30x_temp.o
 .debug_ranges  0x00000480       0x50 ..\obj\syscalls.o
 .debug_ranges  0x000004d0       0x30 ..\obj\stm32f30x_misc.o
 .debug_ranges  0x00000500      0x398 ..\obj\stm32f30x_tim.o
 .debug_ranges  0x00000898       0x20 ..\obj\startup_stm32f30x.o
 .debug_ranges  0x000008b8       0x10 ..\obj\nvic.o
 .debug_ranges  0x000008c8       0xd0 ..\obj\stm32f30x_can.o
 .debug_ranges  0x00000998      0x190 ..\obj\stm32f30x_usart.o
 .debug_ranges  0x00000b28       0x40 ..\obj\usart.o

.debug_line     0x00000000     0x4d7a
 .debug_line    0x00000000      0x5ee ..\obj\stm32f30x_rcc.o
 .debug_line    0x000005ee      0x374 ..\obj\tim_encoder.o
 .debug_line    0x00000962      0x47d ..\obj\hw_config.o
 .debug_line    0x00000ddf      0x32e ..\obj\stm32f30x_it.o
 .debug_line    0x0000110d      0x383 ..\obj\stm32f30x_gpio.o
 .debug_line    0x00001490      0x382 ..\obj\usb_pwr.o
 .debug_line    0x00001812      0x1ed ..\obj\usb_init.o
 .debug_line    0x000019ff      0x37c ..\obj\main.o
 .debug_line    0x00001d7b      0x363 ..\obj\stm32f30x_dma.o
 .debug_line    0x000020de      0x3b9 ..\obj\can.o
 .debug_line    0x00002497      0x312 ..\obj\stm32f30x_exti.o
 .debug_line    0x000027a9      0x223 ..\obj\system_stm32f30x_temp.o
 .debug_line    0x000029cc      0x18c ..\obj\syscalls.o
 .debug_line    0x00002b58      0x2b8 ..\obj\stm32f30x_misc.o
 .debug_line    0x00002e10      0xc9c ..\obj\stm32f30x_tim.o
 .debug_line    0x00003aac       0xbe ..\obj\startup_stm32f30x.o
 .debug_line    0x00003b6a      0x265 ..\obj\nvic.o
 .debug_line    0x00003dcf      0x5c8 ..\obj\stm32f30x_can.o
 .debug_line    0x00004397      0x67a ..\obj\stm32f30x_usart.o
 .debug_line    0x00004a11      0x369 ..\obj\usart.o

.debug_str      0x00000000     0x40d1
 .debug_str     0x00000000      0x769 ..\obj\stm32f30x_rcc.o
                                0x812 (size before relaxing)
 .debug_str     0x00000769      0x4a8 ..\obj\tim_encoder.o
                                0x624 (size before relaxing)
 .debug_str     0x00000c11      0x8d5 ..\obj\hw_config.o
                                0xc5d (size before relaxing)
 .debug_str     0x000014e6      0x1d1 ..\obj\stm32f30x_it.o
                                0x407 (size before relaxing)
 .debug_str     0x000016b7      0x1a7 ..\obj\stm32f30x_gpio.o
                                0x4bd (size before relaxing)
 .debug_str     0x0000185e      0x193 ..\obj\usb_pwr.o
                                0x3fc (size before relaxing)
 .debug_str     0x000019f1      0x244 ..\obj\usb_init.o
                                0x548 (size before relaxing)
 .debug_str     0x00001c35      0x191 ..\obj\main.o
                                0xa99 (size before relaxing)
 .debug_str     0x00001dc6      0x238 ..\obj\stm32f30x_dma.o
                                0x3db (size before relaxing)
 .debug_str     0x00001ffe      0x363 ..\obj\can.o
                                0x7ba (size before relaxing)
 .debug_str     0x00002361      0x13e ..\obj\stm32f30x_exti.o
                                0x39e (size before relaxing)
 .debug_str     0x0000249f       0xb3 ..\obj\system_stm32f30x_temp.o
                                0x328 (size before relaxing)
 .debug_str     0x00002552      0x177 ..\obj\syscalls.o
                                0x314 (size before relaxing)
 .debug_str     0x000026c9      0x11d ..\obj\stm32f30x_misc.o
                                0x3ec (size before relaxing)
 .debug_str     0x000027e6      0xc8a ..\obj\stm32f30x_tim.o
                                0xf95 (size before relaxing)
 .debug_str     0x00003470       0x56 ..\obj\nvic.o
                                0x6e1 (size before relaxing)
 .debug_str     0x000034c6      0x336 ..\obj\stm32f30x_can.o
                                0x752 (size before relaxing)
 .debug_str     0x000037fc      0x709 ..\obj\stm32f30x_usart.o
                                0xa1d (size before relaxing)
 .debug_str     0x00003f05      0x1cc ..\obj\usart.o
                                0x6da (size before relaxing)

.comment        0x00000000       0x70
 .comment       0x00000000       0x70 ..\obj\stm32f30x_rcc.o
                                 0x71 (size before relaxing)
 .comment       0x00000000       0x71 ..\obj\tim_encoder.o
 .comment       0x00000000       0x71 ..\obj\hw_config.o
 .comment       0x00000000       0x71 ..\obj\stm32f30x_it.o
 .comment       0x00000000       0x71 ..\obj\stm32f30x_gpio.o
 .comment       0x00000000       0x71 ..\obj\usb_pwr.o
 .comment       0x00000000       0x71 ..\obj\usb_init.o
 .comment       0x00000000       0x71 ..\obj\main.o
 .comment       0x00000000       0x71 ..\obj\stm32f30x_dma.o
 .comment       0x00000000       0x71 ..\obj\can.o
 .comment       0x00000000       0x71 ..\obj\stm32f30x_exti.o
 .comment       0x00000000       0x71 ..\obj\system_stm32f30x_temp.o
 .comment       0x00000000       0x71 ..\obj\syscalls.o
 .comment       0x00000000       0x71 ..\obj\stm32f30x_misc.o
 .comment       0x00000000       0x71 ..\obj\stm32f30x_tim.o
 .comment       0x00000000       0x71 ..\obj\nvic.o
 .comment       0x00000000       0x71 ..\obj\stm32f30x_can.o
 .comment       0x00000000       0x71 ..\obj\stm32f30x_usart.o
 .comment       0x00000000       0x71 ..\obj\usart.o

.ARM.attributes
                0x00000000       0x31
 .ARM.attributes
                0x00000000       0x33 ..\obj\stm32f30x_rcc.o
 .ARM.attributes
                0x00000033       0x33 ..\obj\tim_encoder.o
 .ARM.attributes
                0x00000066       0x33 ..\obj\hw_config.o
 .ARM.attributes
                0x00000099       0x33 ..\obj\stm32f30x_it.o
 .ARM.attributes
                0x000000cc       0x33 ..\obj\stm32f30x_gpio.o
 .ARM.attributes
                0x000000ff       0x33 ..\obj\usb_pwr.o
 .ARM.attributes
                0x00000132       0x33 ..\obj\usb_init.o
 .ARM.attributes
                0x00000165       0x33 ..\obj\main.o
 .ARM.attributes
                0x00000198       0x33 ..\obj\stm32f30x_dma.o
 .ARM.attributes
                0x000001cb       0x33 ..\obj\can.o
 .ARM.attributes
                0x000001fe       0x33 ..\obj\stm32f30x_exti.o
 .ARM.attributes
                0x00000231       0x33 ..\obj\system_stm32f30x_temp.o
 .ARM.attributes
                0x00000264       0x33 ..\obj\syscalls.o
 .ARM.attributes
                0x00000297       0x33 ..\obj\stm32f30x_misc.o
 .ARM.attributes
                0x000002ca       0x33 ..\obj\stm32f30x_tim.o
 .ARM.attributes
                0x000002fd       0x21 ..\obj\startup_stm32f30x.o
 .ARM.attributes
                0x0000031e       0x33 ..\obj\nvic.o
 .ARM.attributes
                0x00000351       0x33 ..\obj\stm32f30x_can.o
 .ARM.attributes
                0x00000384       0x33 ..\obj\stm32f30x_usart.o
 .ARM.attributes
                0x000003b7       0x33 ..\obj\usart.o
 .ARM.attributes
                0x000003ea       0x2e c:/program files (x86)/gnu tools arm embedded/4.8 2014q3/bin/../lib/gcc/arm-none-eabi/4.8.4/../../../../arm-none-eabi/lib/armv7e-m\libg.a(lib_a-sprintf.o)
 .ARM.attributes
                0x00000418       0x2e c:/program files (x86)/gnu tools arm embedded/4.8 2014q3/bin/../lib/gcc/arm-none-eabi/4.8.4/../../../../arm-none-eabi/lib/armv7e-m\libg.a(lib_a-svfprintf.o)
 .ARM.attributes
                0x00000446       0x2e c:/program files (x86)/gnu tools arm embedded/4.8 2014q3/bin/../lib/gcc/arm-none-eabi/4.8.4/../../../../arm-none-eabi/lib/armv7e-m\libg.a(lib_a-dtoa.o)
 .ARM.attributes
                0x00000474       0x2e c:/program files (x86)/gnu tools arm embedded/4.8 2014q3/bin/../lib/gcc/arm-none-eabi/4.8.4/../../../../arm-none-eabi/lib/armv7e-m\libg.a(lib_a-impure.o)
 .ARM.attributes
                0x000004a2       0x2e c:/program files (x86)/gnu tools arm embedded/4.8 2014q3/bin/../lib/gcc/arm-none-eabi/4.8.4/../../../../arm-none-eabi/lib/armv7e-m\libg.a(lib_a-locale.o)
 .ARM.attributes
                0x000004d0       0x2e c:/program files (x86)/gnu tools arm embedded/4.8 2014q3/bin/../lib/gcc/arm-none-eabi/4.8.4/../../../../arm-none-eabi/lib/armv7e-m\libg.a(lib_a-mallocr.o)
 .ARM.attributes
                0x000004fe       0x2e c:/program files (x86)/gnu tools arm embedded/4.8 2014q3/bin/../lib/gcc/arm-none-eabi/4.8.4/../../../../arm-none-eabi/lib/armv7e-m\libg.a(lib_a-memchr-stub.o)
 .ARM.attributes
                0x0000052c       0x1c c:/program files (x86)/gnu tools arm embedded/4.8 2014q3/bin/../lib/gcc/arm-none-eabi/4.8.4/../../../../arm-none-eabi/lib/armv7e-m\libg.a(lib_a-memcpy.o)
 .ARM.attributes
                0x00000548       0x2e c:/program files (x86)/gnu tools arm embedded/4.8 2014q3/bin/../lib/gcc/arm-none-eabi/4.8.4/../../../../arm-none-eabi/lib/armv7e-m\libg.a(lib_a-mlock.o)
 .ARM.attributes
                0x00000576       0x2e c:/program files (x86)/gnu tools arm embedded/4.8 2014q3/bin/../lib/gcc/arm-none-eabi/4.8.4/../../../../arm-none-eabi/lib/armv7e-m\libg.a(lib_a-mprec.o)
 .ARM.attributes
                0x000005a4       0x2e c:/program files (x86)/gnu tools arm embedded/4.8 2014q3/bin/../lib/gcc/arm-none-eabi/4.8.4/../../../../arm-none-eabi/lib/armv7e-m\libg.a(lib_a-s_fpclassify.o)
 .ARM.attributes
                0x000005d2       0x2e c:/program files (x86)/gnu tools arm embedded/4.8 2014q3/bin/../lib/gcc/arm-none-eabi/4.8.4/../../../../arm-none-eabi/lib/armv7e-m\libg.a(lib_a-sbrkr.o)
 .ARM.attributes
                0x00000600       0x2e c:/program files (x86)/gnu tools arm embedded/4.8 2014q3/bin/../lib/gcc/arm-none-eabi/4.8.4/../../../../arm-none-eabi/lib/armv7e-m\libg.a(lib_a-strlen.o)
 .ARM.attributes
                0x0000062e       0x2e c:/program files (x86)/gnu tools arm embedded/4.8 2014q3/bin/../lib/gcc/arm-none-eabi/4.8.4/../../../../arm-none-eabi/lib/armv7e-m\libg.a(lib_a-svfiprintf.o)
 .ARM.attributes
                0x0000065c       0x2e c:/program files (x86)/gnu tools arm embedded/4.8 2014q3/bin/../lib/gcc/arm-none-eabi/4.8.4/../../../../arm-none-eabi/lib/armv7e-m\libg.a(lib_a-callocr.o)
 .ARM.attributes
                0x0000068a       0x2e c:/program files (x86)/gnu tools arm embedded/4.8 2014q3/bin/../lib/gcc/arm-none-eabi/4.8.4/../../../../arm-none-eabi/lib/armv7e-m\libg.a(lib_a-freer.o)
 .ARM.attributes
                0x000006b8       0x2e c:/program files (x86)/gnu tools arm embedded/4.8 2014q3/bin/../lib/gcc/arm-none-eabi/4.8.4/../../../../arm-none-eabi/lib/armv7e-m\libg.a(lib_a-memmove.o)
 .ARM.attributes
                0x000006e6       0x2e c:/program files (x86)/gnu tools arm embedded/4.8 2014q3/bin/../lib/gcc/arm-none-eabi/4.8.4/../../../../arm-none-eabi/lib/armv7e-m\libg.a(lib_a-memset.o)
 .ARM.attributes
                0x00000714       0x2e c:/program files (x86)/gnu tools arm embedded/4.8 2014q3/bin/../lib/gcc/arm-none-eabi/4.8.4/../../../../arm-none-eabi/lib/armv7e-m\libg.a(lib_a-reallocr.o)
 .ARM.attributes
                0x00000742       0x2e c:/program files (x86)/gnu tools arm embedded/4.8 2014q3/bin/../lib/gcc/arm-none-eabi/4.8.4/../../../../arm-none-eabi/lib/armv7e-m\libg.a(lib_a-reent.o)
 .ARM.attributes
                0x00000770       0x1e c:/program files (x86)/gnu tools arm embedded/4.8 2014q3/bin/../lib/gcc/arm-none-eabi/4.8.4/armv7e-m\libgcc.a(_arm_addsubdf3.o)
 .ARM.attributes
                0x0000078e       0x1e c:/program files (x86)/gnu tools arm embedded/4.8 2014q3/bin/../lib/gcc/arm-none-eabi/4.8.4/armv7e-m\libgcc.a(_arm_muldivdf3.o)
 .ARM.attributes
                0x000007ac       0x1e c:/program files (x86)/gnu tools arm embedded/4.8 2014q3/bin/../lib/gcc/arm-none-eabi/4.8.4/armv7e-m\libgcc.a(_arm_cmpdf2.o)
 .ARM.attributes
                0x000007ca       0x1e c:/program files (x86)/gnu tools arm embedded/4.8 2014q3/bin/../lib/gcc/arm-none-eabi/4.8.4/armv7e-m\libgcc.a(_arm_fixdfsi.o)
 .ARM.attributes
                0x000007e8       0x1e c:/program files (x86)/gnu tools arm embedded/4.8 2014q3/bin/../lib/gcc/arm-none-eabi/4.8.4/armv7e-m\libgcc.a(_aeabi_uldivmod.o)
 .ARM.attributes
                0x00000806       0x2e c:/program files (x86)/gnu tools arm embedded/4.8 2014q3/bin/../lib/gcc/arm-none-eabi/4.8.4/armv7e-m\libgcc.a(bpabi.o)
 .ARM.attributes
                0x00000834       0x1e c:/program files (x86)/gnu tools arm embedded/4.8 2014q3/bin/../lib/gcc/arm-none-eabi/4.8.4/armv7e-m\libgcc.a(_dvmd_tls.o)
 .ARM.attributes
                0x00000852       0x2e c:/program files (x86)/gnu tools arm embedded/4.8 2014q3/bin/../lib/gcc/arm-none-eabi/4.8.4/armv7e-m\libgcc.a(_divdi3.o)
 .ARM.attributes
                0x00000880       0x2e c:/program files (x86)/gnu tools arm embedded/4.8 2014q3/bin/../lib/gcc/arm-none-eabi/4.8.4/armv7e-m\libgcc.a(_udivdi3.o)

.debug_frame    0x00000000     0x2e38
 .debug_frame   0x00000000      0x44c ..\obj\stm32f30x_rcc.o
 .debug_frame   0x0000044c      0x114 ..\obj\tim_encoder.o
 .debug_frame   0x00000560      0x194 ..\obj\hw_config.o
 .debug_frame   0x000006f4      0x124 ..\obj\stm32f30x_it.o
 .debug_frame   0x00000818      0x180 ..\obj\stm32f30x_gpio.o
 .debug_frame   0x00000998       0xa8 ..\obj\usb_pwr.o
 .debug_frame   0x00000a40       0x2c ..\obj\usb_init.o
 .debug_frame   0x00000a6c      0x174 ..\obj\main.o
 .debug_frame   0x00000be0      0x144 ..\obj\stm32f30x_dma.o
 .debug_frame   0x00000d24       0xe4 ..\obj\can.o
 .debug_frame   0x00000e08       0xec ..\obj\stm32f30x_exti.o
 .debug_frame   0x00000ef4       0x64 ..\obj\system_stm32f30x_temp.o
 .debug_frame   0x00000f58      0x108 ..\obj\syscalls.o
 .debug_frame   0x00001060       0x9c ..\obj\stm32f30x_misc.o
 .debug_frame   0x000010fc      0xca4 ..\obj\stm32f30x_tim.o
 .debug_frame   0x00001da0       0x30 ..\obj\nvic.o
 .debug_frame   0x00001dd0      0x2d4 ..\obj\stm32f30x_can.o
 .debug_frame   0x000020a4      0x574 ..\obj\stm32f30x_usart.o
 .debug_frame   0x00002618       0xe4 ..\obj\usart.o
 .debug_frame   0x000026fc       0x64 c:/program files (x86)/gnu tools arm embedded/4.8 2014q3/bin/../lib/gcc/arm-none-eabi/4.8.4/../../../../arm-none-eabi/lib/armv7e-m\libg.a(lib_a-sprintf.o)
 .debug_frame   0x00002760       0x3c c:/program files (x86)/gnu tools arm embedded/4.8 2014q3/bin/../lib/gcc/arm-none-eabi/4.8.4/../../../../arm-none-eabi/lib/armv7e-m\libg.a(lib_a-svfprintf.o)
 .debug_frame   0x0000279c       0x64 c:/program files (x86)/gnu tools arm embedded/4.8 2014q3/bin/../lib/gcc/arm-none-eabi/4.8.4/../../../../arm-none-eabi/lib/armv7e-m\libg.a(lib_a-dtoa.o)
 .debug_frame   0x00002800       0x98 c:/program files (x86)/gnu tools arm embedded/4.8 2014q3/bin/../lib/gcc/arm-none-eabi/4.8.4/../../../../arm-none-eabi/lib/armv7e-m\libg.a(lib_a-locale.o)
 .debug_frame   0x00002898       0x38 c:/program files (x86)/gnu tools arm embedded/4.8 2014q3/bin/../lib/gcc/arm-none-eabi/4.8.4/../../../../arm-none-eabi/lib/armv7e-m\libg.a(lib_a-mallocr.o)
 .debug_frame   0x000028d0       0x2c c:/program files (x86)/gnu tools arm embedded/4.8 2014q3/bin/../lib/gcc/arm-none-eabi/4.8.4/../../../../arm-none-eabi/lib/armv7e-m\libg.a(lib_a-memchr-stub.o)
 .debug_frame   0x000028fc       0x30 c:/program files (x86)/gnu tools arm embedded/4.8 2014q3/bin/../lib/gcc/arm-none-eabi/4.8.4/../../../../arm-none-eabi/lib/armv7e-m\libg.a(lib_a-mlock.o)
 .debug_frame   0x0000292c      0x22c c:/program files (x86)/gnu tools arm embedded/4.8 2014q3/bin/../lib/gcc/arm-none-eabi/4.8.4/../../../../arm-none-eabi/lib/armv7e-m\libg.a(lib_a-mprec.o)
 .debug_frame   0x00002b58       0x28 c:/program files (x86)/gnu tools arm embedded/4.8 2014q3/bin/../lib/gcc/arm-none-eabi/4.8.4/../../../../arm-none-eabi/lib/armv7e-m\libg.a(lib_a-s_fpclassify.o)
 .debug_frame   0x00002b80       0x2c c:/program files (x86)/gnu tools arm embedded/4.8 2014q3/bin/../lib/gcc/arm-none-eabi/4.8.4/../../../../arm-none-eabi/lib/armv7e-m\libg.a(lib_a-sbrkr.o)
 .debug_frame   0x00002bac       0x20 c:/program files (x86)/gnu tools arm embedded/4.8 2014q3/bin/../lib/gcc/arm-none-eabi/4.8.4/../../../../arm-none-eabi/lib/armv7e-m\libg.a(lib_a-strlen.o)
 .debug_frame   0x00002bcc       0x64 c:/program files (x86)/gnu tools arm embedded/4.8 2014q3/bin/../lib/gcc/arm-none-eabi/4.8.4/../../../../arm-none-eabi/lib/armv7e-m\libg.a(lib_a-svfiprintf.o)
 .debug_frame   0x00002c30       0x28 c:/program files (x86)/gnu tools arm embedded/4.8 2014q3/bin/../lib/gcc/arm-none-eabi/4.8.4/../../../../arm-none-eabi/lib/armv7e-m\libg.a(lib_a-callocr.o)
 .debug_frame   0x00002c58       0x50 c:/program files (x86)/gnu tools arm embedded/4.8 2014q3/bin/../lib/gcc/arm-none-eabi/4.8.4/../../../../arm-none-eabi/lib/armv7e-m\libg.a(lib_a-freer.o)
 .debug_frame   0x00002ca8       0x2c c:/program files (x86)/gnu tools arm embedded/4.8 2014q3/bin/../lib/gcc/arm-none-eabi/4.8.4/../../../../arm-none-eabi/lib/armv7e-m\libg.a(lib_a-memmove.o)
 .debug_frame   0x00002cd4       0x2c c:/program files (x86)/gnu tools arm embedded/4.8 2014q3/bin/../lib/gcc/arm-none-eabi/4.8.4/../../../../arm-none-eabi/lib/armv7e-m\libg.a(lib_a-memset.o)
 .debug_frame   0x00002d00       0x38 c:/program files (x86)/gnu tools arm embedded/4.8 2014q3/bin/../lib/gcc/arm-none-eabi/4.8.4/../../../../arm-none-eabi/lib/armv7e-m\libg.a(lib_a-reallocr.o)
 .debug_frame   0x00002d38       0x48 c:/program files (x86)/gnu tools arm embedded/4.8 2014q3/bin/../lib/gcc/arm-none-eabi/4.8.4/../../../../arm-none-eabi/lib/armv7e-m\libg.a(lib_a-reent.o)
 .debug_frame   0x00002d80       0x50 c:/program files (x86)/gnu tools arm embedded/4.8 2014q3/bin/../lib/gcc/arm-none-eabi/4.8.4/armv7e-m\libgcc.a(bpabi.o)
 .debug_frame   0x00002dd0       0x34 c:/program files (x86)/gnu tools arm embedded/4.8 2014q3/bin/../lib/gcc/arm-none-eabi/4.8.4/armv7e-m\libgcc.a(_divdi3.o)
 .debug_frame   0x00002e04       0x34 c:/program files (x86)/gnu tools arm embedded/4.8 2014q3/bin/../lib/gcc/arm-none-eabi/4.8.4/armv7e-m\libgcc.a(_udivdi3.o)
